G__9176$jscomp$inline_718:ja
G__9177$jscomp$inline_719:ka
JSCompiler_StaticMethods_assoc_BANG_:tf
JSCompiler_StaticMethods_cljs$core$IMultiFn$_add_method$arity$3:gg
JSCompiler_StaticMethods_cljs$core$IMultiFn$_get_method$arity$2:fg
JSCompiler_StaticMethods_cljs$core$ITransientVector$_assoc_n_BANG_$arity$3:ye
JSCompiler_StaticMethods_forceChunk:wj
JSCompiler_StaticMethods_sval:td
JSCompiler_prototypeAlias:g
L 0:a
L 1:b
L 10:t
L 11:u
L 12:y
L 13:C
L 14:H
L 15:M
L 16:F
L 17:T
L 18:X
L 19:da
L 2:c
L 20:oa
L 21:Aa
L 22:Z
L 3:d
L 4:e
L 5:f
L 6:h
L 7:k
L 8:m
L 9:n
cached_hierarchy__4675__auto__$jscomp$inline_910:fa
cljs:Ca
cljs$core:Da
cljs$core$ArrayChunk:vd
cljs$core$ArrayNode:cf
cljs$core$ArrayNodeIterator:gf
cljs$core$ArrayNodeSeq:of
cljs$core$Atom:Wd
cljs$core$BitmapIndexedNode:Ze
cljs$core$BitmapIndexedNode$EMPTY:bf
cljs$core$Box:Te
cljs$core$ChunkBuffer:ud
cljs$core$ChunkedCons:wd
cljs$core$ChunkedSeq:ue
cljs$core$Cons:pd
cljs$core$ES6EntriesIterator:Ge
cljs$core$ES6Iterator:oc
cljs$core$ES6SetEntriesIterator:kj
cljs$core$EmptyList:od
cljs$core$ExceptionInfo:Nj
cljs$core$HashCollisionNode:lf
cljs$core$HashMapIter:qf
cljs$core$HashSetIter:oj
cljs$core$ICollection:ag
cljs$core$ICounted:Za
cljs$core$IEmptyableCollection:q
cljs$core$IEncodeJS:Ej
cljs$core$IIndexed:bb
cljs$core$IIterable:Sb
cljs$core$IKVReduce:vb
cljs$core$IList:Cb
cljs$core$ILookup:hb
cljs$core$IMap:kb
cljs$core$IMeta:qb
cljs$core$INext:fb
cljs$core$IPrintWithWriter:Fb
cljs$core$IRecord:Db
cljs$core$IReduce:tb
cljs$core$ISeqable:zb
cljs$core$ISequential:Bb
cljs$core$ISet:nb
cljs$core$ITER_SYMBOL:Xa
cljs$core$IVector:ob
cljs$core$IndexedSeq:kc
cljs$core$IndexedSeqIterator:Gc
cljs$core$KeySeq:uf
cljs$core$Keyword:O
cljs$core$LazySeq:sd
cljs$core$List:Mc
cljs$core$List$EMPTY:mc
cljs$core$MapEntry:He
cljs$core$MetaFn:Rc
cljs$core$MultiFn:Yf
cljs$core$NeverEquiv:De
cljs$core$NodeIterator:Ye
cljs$core$NodeSeq:mf
cljs$core$PROTOCOL_SENTINEL:A
cljs$core$PersistentArrayMap:Ka
cljs$core$PersistentArrayMap$EMPTY:Rd
cljs$core$PersistentArrayMap$HASHMAP_THRESHOLD:Oe
cljs$core$PersistentArrayMap$createAsIfByAssoc:Xi
cljs$core$PersistentArrayMapIterator:Ke
cljs$core$PersistentArrayMapSeq:Je
cljs$core$PersistentHashMap:rf
cljs$core$PersistentHashMap$EMPTY:Pe
cljs$core$PersistentHashSet:pj
cljs$core$PersistentHashSet$EMPTY:rj
cljs$core$PersistentQueue:Be
cljs$core$PersistentQueue$EMPTY:Ce
cljs$core$PersistentQueueIter:ze
cljs$core$PersistentQueueSeq:Ae
cljs$core$PersistentVector:Od
cljs$core$PersistentVector$EMPTY:Lc
cljs$core$PersistentVector$EMPTY_NODE:Pd
cljs$core$Range:vj
cljs$core$RangeChunk:tj
cljs$core$RangeIterator:uj
cljs$core$RangedIterator:me
cljs$core$Reduced:uc
cljs$core$Repeat:be
cljs$core$StringBufferWriter:Ub
cljs$core$Symbol:fc
cljs$core$TransientArrayMap:Ne
cljs$core$TransientHashMap:sf
cljs$core$TransientHashSet:qj
cljs$core$TransientVector:pe
cljs$core$UUID:hg
cljs$core$ValSeq:vf
cljs$core$VectorNode:ee
cljs$core$_EQ_:nc
cljs$core$_STAR_eval_STAR_:jg
cljs$core$_STAR_loaded_libs_STAR_:Ia
cljs$core$_STAR_print_err_fn_STAR_:Ga
cljs$core$_STAR_print_fn_STAR_:Fa
cljs$core$_STAR_print_level_STAR_:Ha
cljs$core$_STAR_print_newline_STAR_:$f
cljs$core$_as_transient:Hb
cljs$core$_assoc:jb
cljs$core$_assoc_BANG_:Kb
cljs$core$_chunked_first:Mb
cljs$core$_chunked_rest:Nb
cljs$core$_clj__GT_js:Fj
cljs$core$_conj:ab
cljs$core$_conj_BANG_:Ib
cljs$core$_count:$a
cljs$core$_deref:pb
cljs$core$_dissoc:cg
cljs$core$_drop_first:Lb
cljs$core$_empty:r
cljs$core$_equiv:xb
cljs$core$_find:bg
cljs$core$_first:db
cljs$core$_global_hierarchy:Lf
cljs$core$_hash:yb
cljs$core$_indexOf$cljs$0core$0IFn$0_invoke$0arity$03:W
cljs$core$_iterator:Tb
cljs$core$_key:lb
cljs$core$_kv_reduce:wb
cljs$core$_lastIndexOf$cljs$0core$0IFn$0_invoke$0arity$03:Fc
cljs$core$_lookup:ib
cljs$core$_meta:rb
cljs$core$_name:Ob
cljs$core$_namespace:Pb
cljs$core$_next:gb
cljs$core$_nth:cb
cljs$core$_peek:Ti
cljs$core$_persistent_BANG_:Jb
cljs$core$_pop:Ui
cljs$core$_pr_writer:Gb
cljs$core$_reduce:ub
cljs$core$_reset_BANG_:Qb
cljs$core$_rest:eb
cljs$core$_seq:Ab
cljs$core$_swap_BANG_:Rb
cljs$core$_val:mb
cljs$core$_with_meta:sb
cljs$core$_write:Eb
cljs$core$aclone:Ya
cljs$core$apply:Sc
cljs$core$apply$cljs$0core$0IFn$0_invoke$0arity$02:Jd
cljs$core$apply$cljs$0core$0IFn$0_invoke$0arity$03:Kd
cljs$core$apply$cljs$0core$0IFn$0_invoke$0arity$05:Ld
cljs$core$apply$cljs$0core$0IFn$0_invoke$0arity$0variadic:Md
cljs$core$apply_to:Dd
cljs$core$apply_to_simple$cljs$0core$0IFn$0_invoke$0arity$03:Fd
cljs$core$apply_to_simple$cljs$0core$0IFn$0_invoke$0arity$04:Gd
cljs$core$apply_to_simple$cljs$0core$0IFn$0_invoke$0arity$05:Hd
cljs$core$apply_to_simple$cljs$0core$0IFn$0_invoke$0arity$06:Id
cljs$core$array_QMARK_:Sa
cljs$core$array__GT_transient_hash_map:Se
cljs$core$array_copy:$c
cljs$core$array_for:ke
cljs$core$array_index_of:Qc
cljs$core$array_reduce$cljs$0core$0IFn$0_invoke$0arity$02:xc
cljs$core$array_reduce$cljs$0core$0IFn$0_invoke$0arity$03:yc
cljs$core$array_reduce$cljs$0core$0IFn$0_invoke$0arity$04:zc
cljs$core$assoc:Pc
cljs$core$assoc_BANG_$cljs$0core$0IFn$0_invoke$0arity$03:ej
cljs$core$atom$cljs$0core$0IFn$0_invoke$0arity$01:gj
cljs$core$bit_count:md
cljs$core$boolean$0:bd
cljs$core$bounded_count:zd
cljs$core$char$0:aj
cljs$core$char_escapes:Af
cljs$core$chunk_append:yd
cljs$core$chunk_cons:xd
cljs$core$chunked_seq:te
cljs$core$chunked_seq$cljs$0core$0IFn$0_invoke$0arity$04:se
cljs$core$chunked_seq$cljs$0core$0IFn$0_invoke$0arity$05:ve
cljs$core$chunked_seq_QMARK_:Zc
cljs$core$ci_reduce$cljs$0core$0IFn$0_invoke$0arity$02:Vi
cljs$core$clj__GT_js:Gj
cljs$core$clone_and_set$cljs$0core$0IFn$0_invoke$0arity$03:Ve
cljs$core$concat:Bd
cljs$core$conj:Kc
cljs$core$conj_BANG_:Cd
cljs$core$cons:Ic
cljs$core$contains_QMARK_:$i
cljs$core$count:Cc
cljs$core$counted_QMARK_:Ac
cljs$core$create_array_node_seq:jf
cljs$core$create_array_node_seq$cljs$0core$0IFn$0_invoke$0arity$01:hf
cljs$core$create_array_node_seq$cljs$0core$0IFn$0_invoke$0arity$03:pf
cljs$core$create_inode_seq:af
cljs$core$create_inode_seq$cljs$0core$0IFn$0_invoke$0arity$01:$e
cljs$core$create_inode_seq$cljs$0core$0IFn$0_invoke$0arity$03:nf
cljs$core$create_node:ef
cljs$core$create_node$cljs$0core$0IFn$0_invoke$0arity$06:ff
cljs$core$create_node$cljs$0core$0IFn$0_invoke$0arity$07:df
cljs$core$deref:wc
cljs$core$dissoc:Yi
cljs$core$do_assoc:le
cljs$core$dominates:Vf
cljs$core$drop$cljs$0core$0IFn$0_invoke$0arity$02:ae
cljs$core$edit_and_set$cljs$0core$0IFn$0_invoke$0arity$04:We
cljs$core$empty_ordered_hash:rc
cljs$core$empty_unordered_hash:tc
cljs$core$enable_console_print_BANG_:Ra
cljs$core$equiv_map:Fe
cljs$core$equiv_sequential:Hc
cljs$core$es6_iterator:pc
cljs$core$even_QMARK_:fj
cljs$core$every_QMARK_:Sd
cljs$core$find_and_cache_best_method:Wf
cljs$core$first:S
cljs$core$frequencies:yj
cljs$core$get:gc
cljs$core$get_global_hierarchy:Mf
cljs$core$hash:dc
cljs$core$hash_collision_node_find_index:kf
cljs$core$hash_combine:ec
cljs$core$hash_map:mj
cljs$core$hash_ordered_coll:qc
cljs$core$hash_string:cc
cljs$core$hash_unordered_coll:sc
cljs$core$identity:kd
cljs$core$imul:Wb
cljs$core$indexed_QMARK_:Bc
cljs$core$inode_kv_reduce:Xe
cljs$core$interleave:ce
cljs$core$into$cljs$0core$0IFn$0_invoke$0arity$02:de
cljs$core$isa_QMARK_$cljs$0core$0IFn$0_invoke$0arity$03:Rf
cljs$core$iter_reduce$cljs$0core$0IFn$0_invoke$0arity$02:gd
cljs$core$iter_reduce$cljs$0core$0IFn$0_invoke$0arity$03:hd
cljs$core$iterable_QMARK_:jc
cljs$core$juxt$cljs$0core$0IFn$0_invoke$0arity$02:zj
cljs$core$key:Qe
cljs$core$key__GT_js$cljs$0core$0IFn$0_invoke$0arity$02:z
cljs$core$key_test:Ue
cljs$core$keys:Le
cljs$core$keyword:qd
cljs$core$last:Wi
cljs$core$lift_ns:x
cljs$core$linear_traversal_nth$cljs$0core$0IFn$0_invoke$0arity$03:Nc
cljs$core$list:bj
cljs$core$list_QMARK_:nd
cljs$core$lookup_sentinel:ad
cljs$core$m3_fmix:Zb
cljs$core$m3_hash_unencoded_chars:$b
cljs$core$m3_mix_H1:Yb
cljs$core$m3_mix_K1:Xb
cljs$core$map:Zd
cljs$core$map_QMARK_:Wc
cljs$core$map_entry_QMARK_:Ie
cljs$core$merge$cljs$0core$0IFn$0_invoke$0arity$0variadic:nj
cljs$core$meta:Uc
cljs$core$missing_protocol:Va
cljs$core$name:rd
cljs$core$namespace:cj
cljs$core$native_satisfies_QMARK_:Ua
cljs$core$never_equiv:Ee
cljs$core$new_path:he
cljs$core$next:U
cljs$core$next_STAR_:Ed
cljs$core$nil_iter:Nd
cljs$core$not:Ta
cljs$core$nth:Ec
cljs$core$nth$cljs$0core$0IFn$0_invoke$0arity$02:Dc
cljs$core$nth$cljs$0core$0IFn$0_invoke$0arity$03:Oc
cljs$core$parents$cljs$0core$0IFn$0_invoke$0arity$01:Sf
cljs$core$partial$cljs$0core$0IFn$0_invoke$0arity$02:Ud
cljs$core$pop_tail:ij
cljs$core$pr_opts:Ja
cljs$core$pr_sb_with_opts:If
cljs$core$pr_sequential_writer:xf
cljs$core$pr_str_STAR_:Vb
cljs$core$pr_str_with_opts:Cj
cljs$core$pr_writer:Ef
cljs$core$pr_writer_impl:Df
cljs$core$prefers_STAR_:Uf
cljs$core$prim_seq$cljs$0core$0IFn$0_invoke$0arity$02:Jc
cljs$core$print_map:Ff
cljs$core$print_meta_QMARK_:Cf
cljs$core$print_prefix_map:Jf
cljs$core$println:Dj
cljs$core$push_tail:ie
cljs$core$pv_clone_node:hj
cljs$core$pv_fresh_node:fe
cljs$core$pv_reduce$cljs$0core$0IFn$0_invoke$0arity$04:ne
cljs$core$pv_reduce$cljs$0core$0IFn$0_invoke$0arity$05:oe
cljs$core$quot:ld
cljs$core$quote_string:Bf
cljs$core$re_find:Aj
cljs$core$re_matches:wf
cljs$core$record_QMARK_:Xc
cljs$core$reduce:ed
cljs$core$reduce$cljs$0core$0IFn$0_invoke$0arity$02:id
cljs$core$reduce$cljs$0core$0IFn$0_invoke$0arity$03:dd
cljs$core$reduce_kv:jd
cljs$core$reduced_QMARK_:vc
cljs$core$remove_pair:lj
cljs$core$reset_BANG_:Xd
cljs$core$reset_cache:Tf
cljs$core$rest:lc
cljs$core$seq:Q
cljs$core$seq_reduce$cljs$0core$0IFn$0_invoke$0arity$02:cd
cljs$core$seq_reduce$cljs$0core$0IFn$0_invoke$0arity$03:fd
cljs$core$sequential_QMARK_:Vc
cljs$core$set:sj
cljs$core$set_QMARK_:Zi
cljs$core$some:Td
cljs$core$spread:Ad
cljs$core$str:N
cljs$core$string_hash_cache:ac
cljs$core$string_hash_cache_count:bc
cljs$core$string_print:Bj
cljs$core$strip_ns:w
cljs$core$swap_BANG_:Yd
cljs$core$symbol:hc
cljs$core$t_cljs$0core6577:p
cljs$core$tail_off:ge
cljs$core$take$cljs$0core$0IFn$0_invoke$0arity$02:$d
cljs$core$take_nth$cljs$0core$0IFn$0_invoke$0arity$02:xj
cljs$core$tapset:ig
cljs$core$throw_no_method_error:Xf
cljs$core$to_array:dj
cljs$core$truth_:J
cljs$core$tv_editable_root:qe
cljs$core$tv_editable_tail:re
cljs$core$tv_ensure_editable:we
cljs$core$tv_push_tail:xe
cljs$core$type__GT_str:Wa
cljs$core$unchecked_array_for:je
cljs$core$val:Re
cljs$core$vals:Me
cljs$core$vec:jj
cljs$core$vector_QMARK_:Yc
cljs$core$with_meta:Tc
cljs$core$write_all$cljs$0core$0IFn$0_invoke$0arity$0variadic:zf
cljs$cst$keyword$100:Mg
cljs$cst$keyword$101:Lg
cljs$cst$keyword$102:Og
cljs$cst$keyword$103:Ng
cljs$cst$keyword$104:Gg
cljs$cst$keyword$105:Fg
cljs$cst$keyword$106:Ig
cljs$cst$keyword$107:Hg
cljs$cst$keyword$108:Kg
cljs$cst$keyword$109:Jg
cljs$cst$keyword$110:Vg
cljs$cst$keyword$111:Xg
cljs$cst$keyword$112:Wg
cljs$cst$keyword$113:$g
cljs$cst$keyword$114:Zg
cljs$cst$keyword$115:Qg
cljs$cst$keyword$116:Pg
cljs$cst$keyword$117:Sg
cljs$cst$keyword$118:Rg
cljs$cst$keyword$119:Ug
cljs$cst$keyword$12:Eg
cljs$cst$keyword$120:oh
cljs$cst$keyword$121:nh
cljs$cst$keyword$122:qh
cljs$cst$keyword$123:ph
cljs$cst$keyword$124:sh
cljs$cst$keyword$125:rh
cljs$cst$keyword$126:kh
cljs$cst$keyword$127:jh
cljs$cst$keyword$13:Dg
cljs$cst$keyword$14:Ag
cljs$cst$keyword$15:zg
cljs$cst$keyword$16:yg
cljs$cst$keyword$17:xg
cljs$cst$keyword$18:Cg
cljs$cst$keyword$19:Bg
cljs$cst$keyword$20:rg
cljs$cst$keyword$21:wg
cljs$cst$keyword$22:vg
cljs$cst$keyword$23:ug
cljs$cst$keyword$24:tg
cljs$cst$keyword$25:pg
cljs$cst$keyword$26:og
cljs$cst$keyword$27:ng
cljs$cst$keyword$28:mg
cljs$cst$keyword$29:qg
cljs$cst$keyword$30:Uh
cljs$cst$keyword$31:Th
cljs$cst$keyword$32:Yh
cljs$cst$keyword$33:Xh
cljs$cst$keyword$34:Wh
cljs$cst$keyword$35:Vh
cljs$cst$keyword$36:Rh
cljs$cst$keyword$37:Qh
cljs$cst$keyword$38:Ph
cljs$cst$keyword$39:Oh
cljs$cst$keyword$40:Ih
cljs$cst$keyword$41:Hh
cljs$cst$keyword$42:Gh
cljs$cst$keyword$43:Nh
cljs$cst$keyword$44:Lh
cljs$cst$keyword$45:Kh
cljs$cst$keyword$46:Jh
cljs$cst$keyword$47:Dh
cljs$cst$keyword$48:Ch
cljs$cst$keyword$49:Bh
cljs$cst$keyword$50:wh
cljs$cst$keyword$51:vh
cljs$cst$keyword$52:uh
cljs$cst$keyword$53:th
cljs$cst$keyword$54:Ah
cljs$cst$keyword$55:zh
cljs$cst$keyword$56:yh
cljs$cst$keyword$57:xh
cljs$cst$keyword$58:mh
cljs$cst$keyword$59:lh
cljs$cst$keyword$60:ah
cljs$cst$keyword$61:eh
cljs$cst$keyword$62:dh
cljs$cst$keyword$63:ch
cljs$cst$keyword$64:bh
cljs$cst$keyword$65:ih
cljs$cst$keyword$66:hh
cljs$cst$keyword$67:gh
cljs$cst$keyword$68:fh
cljs$cst$keyword$69:Tg
cljs$cst$keyword$70:xi
cljs$cst$keyword$71:wi
cljs$cst$keyword$72:Bi
cljs$cst$keyword$73:Ai
cljs$cst$keyword$74:zi
cljs$cst$keyword$75:yi
cljs$cst$keyword$76:Fi
cljs$cst$keyword$77:Ei
cljs$cst$keyword$78:Di
cljs$cst$keyword$79:Ci
cljs$cst$keyword$80:mi
cljs$cst$keyword$81:li
cljs$cst$keyword$82:ki
cljs$cst$keyword$83:qi
cljs$cst$keyword$84:pi
cljs$cst$keyword$85:oi
cljs$cst$keyword$86:ni
cljs$cst$keyword$87:ui
cljs$cst$keyword$88:ti
cljs$cst$keyword$89:ri
cljs$cst$keyword$90:bi
cljs$cst$keyword$91:ai
cljs$cst$keyword$92:$h
cljs$cst$keyword$93:Zh
cljs$cst$keyword$94:fi
cljs$cst$keyword$95:ei
cljs$cst$keyword$96:di
cljs$cst$keyword$97:ci
cljs$cst$keyword$98:hi
cljs$cst$keyword$99:gi
cljs$cst$keyword$a:mk
cljs$cst$keyword$alt_DASH_impl:Gf
cljs$cst$keyword$ancestors:Qf
cljs$cst$keyword$b:nk
cljs$cst$keyword$c:jk
cljs$cst$keyword$character:ek
cljs$cst$keyword$col:Sj
cljs$cst$keyword$column:gk
cljs$cst$keyword$continue:Wj
cljs$cst$keyword$d:lk
cljs$cst$keyword$default:eg
cljs$cst$keyword$default_DASH_dur:Oj
cljs$cst$keyword$descendants:Pf
cljs$cst$keyword$dup:Oa
cljs$cst$keyword$e:hk
cljs$cst$keyword$eof:vk
cljs$cst$keyword$error:pk
cljs$cst$keyword$ex_DASH_kind:Xj
cljs$cst$keyword$f:ik
cljs$cst$keyword$fallback_DASH_impl:Hf
cljs$cst$keyword$file:sk
cljs$cst$keyword$flush_DASH_on_DASH_newline:La
cljs$cst$keyword$freq:Vj
cljs$cst$keyword$g:fk
cljs$cst$keyword$gain:rk
cljs$cst$keyword$hierarchy:Fh
cljs$cst$keyword$illegal_DASH_argument:ck
cljs$cst$keyword$instance:qk
cljs$cst$keyword$key:kk
cljs$cst$keyword$keyword:wk
cljs$cst$keyword$keyword_DASH_fn:Hj
cljs$cst$keyword$line:Qj
cljs$cst$keyword$list:Eh
cljs$cst$keyword$map:kg
cljs$cst$keyword$meta:Na
cljs$cst$keyword$more_DASH_marker:yf
cljs$cst$keyword$namespaced_DASH_map:Rj
cljs$cst$keyword$nil:Yg
cljs$cst$keyword$parents:Of
cljs$cst$keyword$print_DASH_length:Qa
cljs$cst$keyword$readably:Ma
cljs$cst$keyword$reader_DASH_error:yk
cljs$cst$keyword$reader_DASH_exception:dk
cljs$cst$keyword$readers:Pj
cljs$cst$keyword$ready_DASH_for_DASH_input:tk
cljs$cst$keyword$set:Mh
cljs$cst$keyword$strable:Sh
cljs$cst$keyword$string:lg
cljs$cst$keyword$success:Tj
cljs$cst$keyword$symbol:ok
cljs$cst$keyword$tag:Uj
cljs$cst$keyword$type:xk
cljs$cst$keyword$unrecognized:Yj
cljs$cst$keyword$val:Kf
cljs$cst$keyword$vector:ii
cljs$cst$symbol$Inf:ak
cljs$cst$symbol$NaN:uk
cljs$cst$symbol$_DASH_Inf:Zj
cljs$cst$symbol$_SLASH_:bk
cljs$cst$symbol$inst:sg
cljs$cst$symbol$js:vi
cljs$cst$symbol$meta6578:v
cljs$cst$symbol$queue:si
cljs$cst$symbol$uuid:ji
cljs$reader$_STAR_default_data_reader_fn_STAR_:Ll
cljs$reader$_STAR_tag_table_STAR_:Ml
cljs$reader$check:Ri
cljs$reader$days_in_month:Oi
cljs$reader$parse_and_validate_timestamp:Si
cljs$reader$parse_int:Qi
cljs$reader$read_string$cljs$0core$0IFn$0_invoke$0arity$01:Nl
cljs$reader$timestamp_regex:Pi
cljs$tools:Gi
cljs$tools$reader:Hi
cljs$tools$reader$NO_MATCH:Ni
cljs$tools$reader$READ_EOF:Li
cljs$tools$reader$READ_FINISHED:Mi
cljs$tools$reader$edn$dispatch_macros:nl
cljs$tools$reader$edn$escape_char:Bl
cljs$tools$reader$edn$macro_terminating_QMARK_:il
cljs$tools$reader$edn$macros:jl
cljs$tools$reader$edn$not_constituent_QMARK_:kl
cljs$tools$reader$edn$read:wl
cljs$tools$reader$edn$read$cljs$0core$0IFn$0_invoke$0arity$02:Kl
cljs$tools$reader$edn$read$cljs$0core$0IFn$0_invoke$0arity$04:vl
cljs$tools$reader$edn$read_char_STAR_:sl
cljs$tools$reader$edn$read_delimited:ul
cljs$tools$reader$edn$read_discard:Hl
cljs$tools$reader$edn$read_dispatch:ml
cljs$tools$reader$edn$read_keyword:El
cljs$tools$reader$edn$read_list:xl
cljs$tools$reader$edn$read_map:zl
cljs$tools$reader$edn$read_meta:Fl
cljs$tools$reader$edn$read_namespaced_map:Il
cljs$tools$reader$edn$read_number:Al
cljs$tools$reader$edn$read_set:Gl
cljs$tools$reader$edn$read_string_STAR_:Cl
cljs$tools$reader$edn$read_symbol:Dl
cljs$tools$reader$edn$read_symbolic_value:Jl
cljs$tools$reader$edn$read_tagged:ol
cljs$tools$reader$edn$read_token$cljs$0core$0IFn$0_invoke$0arity$04:ll
cljs$tools$reader$edn$read_unicode_char$cljs$0core$0IFn$0_invoke$0arity$04:ql
cljs$tools$reader$edn$read_unicode_char$cljs$0core$0IFn$0_invoke$0arity$05:rl
cljs$tools$reader$edn$read_unmatched_delimiter:pl
cljs$tools$reader$edn$read_vector:yl
cljs$tools$reader$edn$starting_line_col_info:tl
cljs$tools$reader$impl:Ii
cljs$tools$reader$impl$commons$float_pattern:cl
cljs$tools$reader$impl$commons$int_pattern:al
cljs$tools$reader$impl$commons$match_number:el
cljs$tools$reader$impl$commons$matches_QMARK_:dl
cljs$tools$reader$impl$commons$parse_symbol:fl
cljs$tools$reader$impl$commons$ratio_pattern:bl
cljs$tools$reader$impl$commons$read_comment:gl
cljs$tools$reader$impl$commons$read_past:$k
cljs$tools$reader$impl$commons$throwing_reader:hl
cljs$tools$reader$impl$errors$duplicate_keys_error:Yk
cljs$tools$reader$impl$errors$eof_error$cljs$0core$0IFn$0_invoke$0arity$0variadic:Rk
cljs$tools$reader$impl$errors$illegal_arg_error$cljs$0core$0IFn$0_invoke$0arity$0variadic:Qk
cljs$tools$reader$impl$errors$reader_error$cljs$0core$0IFn$0_invoke$0arity$0variadic:Pk
cljs$tools$reader$impl$errors$throw_bad_char:Uk
cljs$tools$reader$impl$errors$throw_bad_octal_number:Xk
cljs$tools$reader$impl$errors$throw_dup_keys:Zk
cljs$tools$reader$impl$errors$throw_eof_reading$cljs$0core$0IFn$0_invoke$0arity$0variadic:Vk
cljs$tools$reader$impl$errors$throw_ex$cljs$0core$0IFn$0_invoke$0arity$0variadic:Ok
cljs$tools$reader$impl$errors$throw_invalid:Tk
cljs$tools$reader$impl$errors$throw_invalid_unicode_digit:Wk
cljs$tools$reader$impl$errors$throw_odd_map:Sk
cljs$tools$reader$impl$inspect:Ji
cljs$tools$reader$impl$inspect$dispatch_inspect:dg
cljs$tools$reader$impl$inspect$inspect$cljs$0core$0IFn$0_invoke$0arity$01:Nk
cljs$tools$reader$impl$inspect$inspect_STAR_:Vd
cljs$tools$reader$impl$inspect$inspect_STAR__col:Ki
cljs$tools$reader$impl$utils$char_code:Dk
cljs$tools$reader$impl$utils$namespace_keys:Ck
cljs$tools$reader$impl$utils$numeric_QMARK_:Bk
cljs$tools$reader$impl$utils$whitespace_QMARK_:Ak
cljs$tools$reader$impl$utils$ws_rx:zk
cljs$tools$reader$reader_types$PushbackReader:Lk
cljs$tools$reader$reader_types$StringReader:Kk
cljs$tools$reader$reader_types$get_column_number:Ik
cljs$tools$reader$reader_types$get_file_name:Jk
cljs$tools$reader$reader_types$get_line_number:Hk
cljs$tools$reader$reader_types$indexing_reader_QMARK_:Mk
cljs$tools$reader$reader_types$peek_char:Fk
cljs$tools$reader$reader_types$read_char:Ek
cljs$tools$reader$reader_types$unread:Gk
cur$jscomp$inline_980:V
goog$UID_PROPERTY_:ba
goog$array$toArray:za
goog$global:l
goog$object$getKeys:xa
goog$string$StringBuffer:Ba
goog$typeOf:aa
goog$uidCounter_:ea
hierarchy__4676__auto__$jscomp$inline_911:B
i$jscomp$inline_716:I
ks$jscomp$inline_713:G
len$jscomp$inline_715:ia
method_cache__4674__auto__$jscomp$inline_909:ca
method_table__4672__auto__$jscomp$inline_907:D
opt_object$jscomp$inline_977:P
out$jscomp$inline_717:K
part$jscomp$inline_981:Y
parts$jscomp$inline_979:R
prefer_table__4673__auto__$jscomp$inline_908:E
sounds$core$OSC:Zl
sounds$core$alpha_to_midi:Xl
sounds$core$alpha_to_midi_table:Wl
sounds$core$ctx:em
sounds$core$midi_to_freq:Yl
sounds$core$parse_note:bm
sounds$core$play_OSC:$l
sounds$core$play_notes$cljs$0core$0IFn$0_invoke$0arity$0variadic:cm
sounds$core$play_notes_delay$cljs$0core$0IFn$0_invoke$0arity$0variadic:dm
sounds$core$play_stop:am
sounds$midi_freq$midi_to_freq:Ol
vs$jscomp$inline_714:ha
