__hash:o
_hash:Ta
_meta:Ia
afn:g
arr:c
base:tb
bitmap:V
buf:ub
buf_len:zc
buf_pos:nc
buffer_:Ma
cached_hierarchy:ib
cause:Cc
chunk:Ja
chunk_next:yc
cljs$core$IAssociative$:Xb
cljs$core$IAssociative$_assoc$arity$3:Pa
cljs$core$IChunk$_drop_first$arity$1:Ab
cljs$core$IChunkedNext$_chunked_next$arity$1:Bb
cljs$core$IChunkedSeq$:bc
cljs$core$IChunkedSeq$_chunked_first$arity$1:vb
cljs$core$IChunkedSeq$_chunked_rest$arity$1:jb
cljs$core$ICollection$:Mc
cljs$core$ICollection$_conj$arity$2:T
cljs$core$ICounted$:Ib
cljs$core$ICounted$_count$arity$1:wa
cljs$core$IDeref$_deref$arity$1:wb
cljs$core$IEditableCollection$:cc
cljs$core$IEditableCollection$_as_transient$arity$1:Ya
cljs$core$IEmptyableCollection$:I
cljs$core$IEmptyableCollection$_empty$arity$1:aa
cljs$core$IEncodeJS$:Gc
cljs$core$IEncodeJS$_clj__GT_js$arity$1:Hc
cljs$core$IEquiv$_equiv$arity$2:H
cljs$core$IFind$_find$arity$2:uc
cljs$core$IFn$_invoke$arity$0:s
cljs$core$IFn$_invoke$arity$1:a
cljs$core$IFn$_invoke$arity$10:ba
cljs$core$IFn$_invoke$arity$11:ca
cljs$core$IFn$_invoke$arity$12:da
cljs$core$IFn$_invoke$arity$13:ea
cljs$core$IFn$_invoke$arity$14:fa
cljs$core$IFn$_invoke$arity$15:ga
cljs$core$IFn$_invoke$arity$16:ha
cljs$core$IFn$_invoke$arity$17:ia
cljs$core$IFn$_invoke$arity$18:ja
cljs$core$IFn$_invoke$arity$19:ka
cljs$core$IFn$_invoke$arity$2:b
cljs$core$IFn$_invoke$arity$20:la
cljs$core$IFn$_invoke$arity$21:xb
cljs$core$IFn$_invoke$arity$22:Za
cljs$core$IFn$_invoke$arity$3:f
cljs$core$IFn$_invoke$arity$4:u
cljs$core$IFn$_invoke$arity$5:G
cljs$core$IFn$_invoke$arity$6:ma
cljs$core$IFn$_invoke$arity$7:na
cljs$core$IFn$_invoke$arity$8:U
cljs$core$IFn$_invoke$arity$9:oa
cljs$core$IFn$_invoke$arity$variadic:B
cljs$core$IHash$:dc
cljs$core$IHash$_hash$arity$1:J
cljs$core$IIndexed$:Cb
cljs$core$IIndexed$_nth$arity$2:W
cljs$core$IIndexed$_nth$arity$3:xa
cljs$core$IIterable$:ec
cljs$core$IIterable$_iterator$arity$1:Ca
cljs$core$IKVReduce$:fc
cljs$core$IKVReduce$_kv_reduce$arity$3:kb
cljs$core$IList$:gc
cljs$core$ILookup$:Jb
cljs$core$ILookup$_lookup$arity$2:X
cljs$core$ILookup$_lookup$arity$3:D
cljs$core$IMap$:hc
cljs$core$IMap$_dissoc$arity$2:Ac
cljs$core$IMapEntry$:ic
cljs$core$IMapEntry$_key$arity$1:Kb
cljs$core$IMapEntry$_val$arity$1:Lb
cljs$core$IMeta$:Mb
cljs$core$IMeta$_meta$arity$1:M
cljs$core$INamed$:Nb
cljs$core$INamed$_name$arity$1:lb
cljs$core$INamed$_namespace$arity$1:mb
cljs$core$INext$:$a
cljs$core$INext$_next$arity$1:Y
cljs$core$IPrintWithWriter$:Z
cljs$core$IPrintWithWriter$_pr_writer$arity$3:K
cljs$core$IRecord$:jc
cljs$core$IReduce$:Ob
cljs$core$IReduce$_reduce$arity$2:ra
cljs$core$IReduce$_reduce$arity$3:sa
cljs$core$IReset$_reset_BANG_$arity$2:Pb
cljs$core$ISeq$:nb
cljs$core$ISeq$_first$arity$1:pa
cljs$core$ISeq$_rest$arity$1:ta
cljs$core$ISeqable$:Qb
cljs$core$ISeqable$_seq$arity$1:N
cljs$core$ISequential$:Db
cljs$core$ISet$:kc
cljs$core$IStack$_peek$arity$1:rc
cljs$core$IStack$_pop$arity$1:sc
cljs$core$ISwap$_swap_BANG_$arity$2:Rb
cljs$core$ISwap$_swap_BANG_$arity$3:Sb
cljs$core$ISwap$_swap_BANG_$arity$4:Tb
cljs$core$ISwap$_swap_BANG_$arity$5:Ub
cljs$core$ITransientAssociative$_assoc_BANG_$arity$3:Ua
cljs$core$ITransientCollection$_conj_BANG_$arity$2:ab
cljs$core$ITransientCollection$_persistent_BANG_$arity$1:ob
cljs$core$IVector$:lc
cljs$core$IVector$_assoc_n$arity$3:yb
cljs$core$IWithMeta$_with_meta$arity$2:S
cljs$core$IWriter$_write$arity$2:Eb
cljs$lang$applyTo:O
cljs$lang$ctorPrWriter:Vb
cljs$lang$ctorStr:pb
cljs$lang$maxFixedArity:P
cljs$lang$protocol_mask$partition$:Ic
cljs$lang$protocol_mask$partition0$:i
cljs$lang$protocol_mask$partition1$:w
cljs$lang$type:Fb
cljs$tools$reader$reader_types$IPushbackReader$unread$arity$2:Dc
cljs$tools$reader$reader_types$IndexingReader$:Nc
cljs$tools$reader$reader_types$IndexingReader$get_column_number$arity$1:Jc
cljs$tools$reader$reader_types$IndexingReader$get_file_name$arity$1:Kc
cljs$tools$reader$reader_types$IndexingReader$get_line_number$arity$1:Lc
cljs$tools$reader$reader_types$Reader$peek_char$arity$1:vc
cljs$tools$reader$reader_types$Reader$read_char$arity$1:qc
cnt:j
collision_hash:Na
default_dispatch_val:Wb
dispatch_fn:h
edit:F
editable_QMARK_:Va
ensure_editable:Qa
fn:bb
fqn:Ka
front:Aa
fseq:Wa
getBasis:mc
hasNext:qa
has_nil_QMARK_:ya
hash_map:pc
hierarchy:qb
i:l
inode_assoc:Da
inode_assoc_BANG_:Ea
inode_find:wc
inode_lookup:Ra
inode_seq:cb
inode_without:xc
iter:Bc
kv_reduce:eb
len:Sa
meta:m
meta6578:R
method_cache:rb
method_table:sb
more:Fa
mseq:A
next_entry:fb
next_iter:Ga
nil_val:ua
nodes:Ha
ns:Xa
off:$
prefer_table:Yb
rdr:Ec
rear:Ba
rest:La
riter:gb
root_iter:Gb
s:C
s_len:Fc
s_pos:tc
sb:Zb
seen:zb
str:Oa
tail:va
transient_map:oc
uuid:hb
v:$b
val:v
validator:ac
vec:za
watches:Hb
